// Jest Snapshot v1, https://goo.gl/fbAQLP

exports[`Components: Spinner should render without errors 1`] = `
<SpinnerOverlay>
  <SpinnerContainer />
</SpinnerOverlay>
`;
