// Jest Snapshot v1, https://goo.gl/fbAQLP

exports[`Pages: Homepage should render without errors 1`] = `
<HomepageContainer>
  <Connect(DirectoryMenu) />
</HomepageContainer>
`;
